[32m[INFO][0m setup plugin alembic.autogenerate.schemas
[32m[INFO][0m setup plugin alembic.autogenerate.tables
[32m[INFO][0m setup plugin alembic.autogenerate.types
[32m[INFO][0m setup plugin alembic.autogenerate.constraints
[32m[INFO][0m setup plugin alembic.autogenerate.defaults
[32m[INFO][0m setup plugin alembic.autogenerate.comments
[32m[INFO][0m setup plugin alembic.ext.checkconstraint_byname
[1m[33m[WARNING][0m On windows we are currently forcing single GPU mode in ComfyUI due to a Nvidia related issue, if you want to disable this use: --cuda-device all
[32m[INFO][0m Found comfy_kitchen backend cuda: {'available': False, 'disabled': True, 'unavailable_reason': 'CUDA not available on this system', 'capabilities': []}
[32m[INFO][0m Found comfy_kitchen backend triton: {'available': False, 'disabled': True, 'unavailable_reason': "ImportError: No module named 'triton'", 'capabilities': []}
[32m[INFO][0m Found comfy_kitchen backend eager: {'available': True, 'disabled': False, 'unavailable_reason': None, 'capabilities': ['adaln', 'apply_rope', 'apply_rope1', 'apply_rope1_', 'apply_rope_', 'apply_rope_split_half', 'apply_rope_split_half1', 'apply_rope_split_half1_', 'apply_rope_split_half_', 'convrot_w4a4_linear', 'dequantize_convrot_w4a4_weight', 'dequantize_int8_convrot_weight', 'dequantize_int8_convrot_weight_dtype', 'dequantize_int8_embedding', 'dequantize_int8_simple', 'dequantize_int8_simple_dtype', 'dequantize_mxfp8', 'dequantize_nvfp4', 'dequantize_per_tensor_fp8', 'dequantize_w4a8_int8_weight', 'gemv_awq_w4a16', 'int8_linear', 'na3d', 'prepare_int4_weight_for_int8_linear', 'quantize_and_rotate_rowwise', 'quantize_convrot_w4a4_weight', 'quantize_int8_convrot_weight', 'quantize_int8_rowwise', 'quantize_int8_tensorwise', 'quantize_mxfp8', 'quantize_nvfp4', 'quantize_per_tensor_fp8', 'quantize_svdquant_w4a4', 'quantize_w4a8_int8_weight', 'rms_adaln', 'rms_rope', 'rms_rope1', 'rms_rope1_', 'rms_rope_', 'rms_rope_split_half', 'rms_rope_split_half1', 'rms_rope_split_half1_', 'rms_rope_split_half_', 'rotate_int8_convrot_weight', 'scaled_mm_mxfp8', 'scaled_mm_nvfp4', 'scaled_mm_svdquant_w4a4', 'stochastic_rounding_fp8', 'w4a8_int8_linear']}
[32m[INFO][0m Found comfy_kitchen backend hip: {'available': False, 'disabled': False, 'unavailable_reason': 'PyTorch ROCm/HIP runtime not available', 'capabilities': []}
[32m[INFO][0m Checkpoint files will always be loaded safely.
[32m[INFO][0m Total VRAM 28412 MB, total RAM 28412 MB
[32m[INFO][0m pytorch version: 2.14.0+cpu
[32m[INFO][0m Set vram state to: DISABLED
[32m[INFO][0m Device: cpu
[32m[INFO][0m Using sub quadratic optimization for attention, if you have memory or speed issues try using: --use-split-cross-attention
[32m[INFO][0m Python version: 3.12.10 (tags/v3.12.10:0cc8128, Apr  8 2025, 12:21:36) [MSC v.1943 64 bit (AMD64)]
[32m[INFO][0m ComfyUI version: 0.34.0
[32m[INFO][0m comfy-aimdo version: 0.5.2
[32m[INFO][0m comfy-kitchen version: 0.2.31
[32m[INFO][0m comfyui-frontend-package version: 1.51.9
[32m[INFO][0m comfyui-workflow-templates version: 0.11.55
[32m[INFO][0m comfyui-embedded-docs version: 0.5.10
[32m[INFO][0m comfy-kitchen version: 0.2.31
[32m[INFO][0m comfy-aimdo version: 0.5.2
[32m[INFO][0m [Prompt Server] web root: C:\Program Files\Python312\Lib\site-packages\comfyui_frontend_package\static
[32m[INFO][0m Asset seeder disabled
C:\Program Files\Python312\Lib\site-packages\torch\jit\_script.py:1491: FutureWarning: `torch.jit.script` is deprecated. Please switch to `torch.compile` or `torch.export`.
  warnings.warn(
[32m[INFO][0m No OpenGL_accelerate module loaded: No module named 'OpenGL_accelerate'
[32m[INFO][0m 
Import times for custom nodes:
[32m[INFO][0m    0.0 seconds: E:\Work\project\Python\ComfyUI\custom_nodes\websocket_image_save.py
[32m[INFO][0m    0.0 seconds: E:\Work\project\Python\ComfyUI\custom_nodes\ComfyUI-OpenAPI
[32m[INFO][0m 
[32m[INFO][0m Context impl SQLiteImpl.
[32m[INFO][0m Will assume non-transactional DDL.
[32m[INFO][0m Using RAM pressure cache.
[32m[INFO][0m got prompt
[32m[INFO][0m [32mPrompt executed in 0.04 seconds[0m
[32m[INFO][0m got prompt
[1m[31m[ERROR][0m !!! Exception during processing !!! OpenAPI Image Generator: Invalid API key provided.
[1m[31m[ERROR][0m Traceback (most recent call last):
  File "E:\Work\project\Python\ComfyUI\custom_nodes\ComfyUI-OpenAPI\nodes.py", line 164, in generate_image
    response = client.generate_images(base_url, api_key, body)
               ^^^^^^^^^^^^^^^^^^^^^^^^^^^^^^^^^^^^^^^^^^^^^^^
  File "E:\Work\project\Python\ComfyUI\custom_nodes\ComfyUI-OpenAPI\client.py", line 83, in generate_images
    _ensure_ok(response)
  File "E:\Work\project\Python\ComfyUI\custom_nodes\ComfyUI-OpenAPI\client.py", line 148, in _ensure_ok
    raise RemoteAPIError(
E:\Work\project\Python\ComfyUI\custom_nodes\ComfyUI-OpenAPI.errors.RemoteAPIError: Invalid API key provided.

The above exception was the direct cause of the following exception:

Traceback (most recent call last):
  File "E:\Work\project\Python\ComfyUI\execution.py", line 545, in execute
    output_data, output_ui, has_subgraph, has_pending_tasks = await get_output_data(prompt_id, unique_id, obj, input_data_all, execution_block_cb=execution_block_cb, pre_execute_cb=pre_execute_cb, v3_data=v3_data)
                                                              ^^^^^^^^^^^^^^^^^^^^^^^^^^^^^^^^^^^^^^^^^^^^^^^^^^^^^^^^^^^^^^^^^^^^^^^^^^^^^^^^^^^^^^^^^^^^^^^^^^^^^^^^^^^^^^^^^^^^^^^^^^^^^^^^^^^^^^^^^^^^^^^^^^^^^^^
  File "E:\Work\project\Python\ComfyUI\execution.py", line 344, in get_output_data
    return_values = await _async_map_node_over_list(prompt_id, unique_id, obj, input_data_all, obj.FUNCTION, allow_interrupt=True, execution_block_cb=execution_block_cb, pre_execute_cb=pre_execute_cb, v3_data=v3_data)
                    ^^^^^^^^^^^^^^^^^^^^^^^^^^^^^^^^^^^^^^^^^^^^^^^^^^^^^^^^^^^^^^^^^^^^^^^^^^^^^^^^^^^^^^^^^^^^^^^^^^^^^^^^^^^^^^^^^^^^^^^^^^^^^^^^^^^^^^^^^^^^^^^^^^^^^^^^^^^^^^^^^^^^^^^^^^^^^^^^^^^^^^^^^^^^^^^^^^^^^
  File "E:\Work\project\Python\ComfyUI\execution.py", line 318, in _async_map_node_over_list
    await process_inputs(input_dict, i)
  File "E:\Work\project\Python\ComfyUI\execution.py", line 306, in process_inputs
    result = f(**inputs)
             ^^^^^^^^^^^
  File "E:\Work\project\Python\ComfyUI\custom_nodes\ComfyUI-OpenAPI\nodes.py", line 169, in generate_image
    raise _user_error(str(exc)) from exc
ValueError: OpenAPI Image Generator: Invalid API key provided.

[32m[INFO][0m [32mPrompt executed in 0.04 seconds[0m
[32m[INFO][0m got prompt
[1m[31m[ERROR][0m !!! Exception during processing !!! OpenAPI Image Generator: Extra params JSON is invalid: Expecting property name enclosed in double quotes: line 1 column 2 (char 1)
[1m[31m[ERROR][0m Traceback (most recent call last):
  File "E:\Work\project\Python\ComfyUI\custom_nodes\ComfyUI-OpenAPI\parsing.py", line 133, in build_request_body
    parsed = json.loads(params_json)
             ^^^^^^^^^^^^^^^^^^^^^^^
  File "C:\Program Files\Python312\Lib\json\__init__.py", line 346, in loads
    return _default_decoder.decode(s)
           ^^^^^^^^^^^^^^^^^^^^^^^^^^
  File "C:\Program Files\Python312\Lib\json\decoder.py", line 338, in decode
    obj, end = self.raw_decode(s, idx=_w(s, 0).end())
               ^^^^^^^^^^^^^^^^^^^^^^^^^^^^^^^^^^^^^^
  File "C:\Program Files\Python312\Lib\json\decoder.py", line 354, in raw_decode
    obj, end = self.scan_once(s, idx)
               ^^^^^^^^^^^^^^^^^^^^^^
json.decoder.JSONDecodeError: Expecting property name enclosed in double quotes: line 1 column 2 (char 1)

The above exception was the direct cause of the following exception:

Traceback (most recent call last):
  File "E:\Work\project\Python\ComfyUI\custom_nodes\ComfyUI-OpenAPI\nodes.py", line 163, in generate_image
    body = parsing.build_request_body(full_prompt, model, params)
           ^^^^^^^^^^^^^^^^^^^^^^^^^^^^^^^^^^^^^^^^^^^^^^^^^^^^^^
  File "E:\Work\project\Python\ComfyUI\custom_nodes\ComfyUI-OpenAPI\parsing.py", line 135, in build_request_body
    raise OpenAPIConfigError(f"Extra params JSON is invalid: {exc}") from exc
E:\Work\project\Python\ComfyUI\custom_nodes\ComfyUI-OpenAPI.errors.OpenAPIConfigError: Extra params JSON is invalid: Expecting property name enclosed in double quotes: line 1 column 2 (char 1)

The above exception was the direct cause of the following exception:

Traceback (most recent call last):
  File "E:\Work\project\Python\ComfyUI\execution.py", line 545, in execute
    output_data, output_ui, has_subgraph, has_pending_tasks = await get_output_data(prompt_id, unique_id, obj, input_data_all, execution_block_cb=execution_block_cb, pre_execute_cb=pre_execute_cb, v3_data=v3_data)
                                                              ^^^^^^^^^^^^^^^^^^^^^^^^^^^^^^^^^^^^^^^^^^^^^^^^^^^^^^^^^^^^^^^^^^^^^^^^^^^^^^^^^^^^^^^^^^^^^^^^^^^^^^^^^^^^^^^^^^^^^^^^^^^^^^^^^^^^^^^^^^^^^^^^^^^^^^^
  File "E:\Work\project\Python\ComfyUI\execution.py", line 344, in get_output_data
    return_values = await _async_map_node_over_list(prompt_id, unique_id, obj, input_data_all, obj.FUNCTION, allow_interrupt=True, execution_block_cb=execution_block_cb, pre_execute_cb=pre_execute_cb, v3_data=v3_data)
                    ^^^^^^^^^^^^^^^^^^^^^^^^^^^^^^^^^^^^^^^^^^^^^^^^^^^^^^^^^^^^^^^^^^^^^^^^^^^^^^^^^^^^^^^^^^^^^^^^^^^^^^^^^^^^^^^^^^^^^^^^^^^^^^^^^^^^^^^^^^^^^^^^^^^^^^^^^^^^^^^^^^^^^^^^^^^^^^^^^^^^^^^^^^^^^^^^^^^^^
  File "E:\Work\project\Python\ComfyUI\execution.py", line 318, in _async_map_node_over_list
    await process_inputs(input_dict, i)
  File "E:\Work\project\Python\ComfyUI\execution.py", line 306, in process_inputs
    result = f(**inputs)
             ^^^^^^^^^^^
  File "E:\Work\project\Python\ComfyUI\custom_nodes\ComfyUI-OpenAPI\nodes.py", line 169, in generate_image
    raise _user_error(str(exc)) from exc
ValueError: OpenAPI Image Generator: Extra params JSON is invalid: Expecting property name enclosed in double quotes: line 1 column 2 (char 1)

[32m[INFO][0m [32mPrompt executed in 0.03 seconds[0m
[32m[INFO][0m got prompt
[32m[INFO][0m [32mPrompt executed in 0.02 seconds[0m
[32m[INFO][0m got prompt
[32m[INFO][0m [32mPrompt executed in 0.04 seconds[0m
[32m[INFO][0m got prompt
[1m[31m[ERROR][0m !!! Exception during processing !!! OpenAPI Image Generator: ModelNotFound: Model not exist.
[1m[31m[ERROR][0m Traceback (most recent call last):
  File "E:\Work\project\Python\ComfyUI\custom_nodes\ComfyUI-OpenAPI\nodes.py", line 160, in generate_image
    response = client.generate_images_dashscope(base_url, api_key, body)
               ^^^^^^^^^^^^^^^^^^^^^^^^^^^^^^^^^^^^^^^^^^^^^^^^^^^^^^^^^
  File "E:\Work\project\Python\ComfyUI\custom_nodes\ComfyUI-OpenAPI\client.py", line 109, in generate_images_dashscope
    _ensure_ok(response)
  File "E:\Work\project\Python\ComfyUI\custom_nodes\ComfyUI-OpenAPI\client.py", line 148, in _ensure_ok
    raise RemoteAPIError(
E:\Work\project\Python\ComfyUI\custom_nodes\ComfyUI-OpenAPI.errors.RemoteAPIError: ModelNotFound: Model not exist.

The above exception was the direct cause of the following exception:

Traceback (most recent call last):
  File "E:\Work\project\Python\ComfyUI\execution.py", line 545, in execute
    output_data, output_ui, has_subgraph, has_pending_tasks = await get_output_data(prompt_id, unique_id, obj, input_data_all, execution_block_cb=execution_block_cb, pre_execute_cb=pre_execute_cb, v3_data=v3_data)
                                                              ^^^^^^^^^^^^^^^^^^^^^^^^^^^^^^^^^^^^^^^^^^^^^^^^^^^^^^^^^^^^^^^^^^^^^^^^^^^^^^^^^^^^^^^^^^^^^^^^^^^^^^^^^^^^^^^^^^^^^^^^^^^^^^^^^^^^^^^^^^^^^^^^^^^^^^^
  File "E:\Work\project\Python\ComfyUI\execution.py", line 344, in get_output_data
    return_values = await _async_map_node_over_list(prompt_id, unique_id, obj, input_data_all, obj.FUNCTION, allow_interrupt=True, execution_block_cb=execution_block_cb, pre_execute_cb=pre_execute_cb, v3_data=v3_data)
                    ^^^^^^^^^^^^^^^^^^^^^^^^^^^^^^^^^^^^^^^^^^^^^^^^^^^^^^^^^^^^^^^^^^^^^^^^^^^^^^^^^^^^^^^^^^^^^^^^^^^^^^^^^^^^^^^^^^^^^^^^^^^^^^^^^^^^^^^^^^^^^^^^^^^^^^^^^^^^^^^^^^^^^^^^^^^^^^^^^^^^^^^^^^^^^^^^^^^^^
  File "E:\Work\project\Python\ComfyUI\execution.py", line 318, in _async_map_node_over_list
    await process_inputs(input_dict, i)
  File "E:\Work\project\Python\ComfyUI\execution.py", line 306, in process_inputs
    result = f(**inputs)
             ^^^^^^^^^^^
  File "E:\Work\project\Python\ComfyUI\custom_nodes\ComfyUI-OpenAPI\nodes.py", line 169, in generate_image
    raise _user_error(str(exc)) from exc
ValueError: OpenAPI Image Generator: ModelNotFound: Model not exist.

[32m[INFO][0m [32mPrompt executed in 0.02 seconds[0m
